// Jest Snapshot v1, https://goo.gl/fbAQLP

exports[`CategoryItem Component should render 1`] = `
<div
  className="categoryItem--container"
  id="first"
>
  <img
    alt="mock Item"
    src=""
  />
  <p>
    mock Item
  </p>
</div>
`;
