// Jest Snapshot v1, https://goo.gl/fbAQLP

exports[`App tests Component should render 1`] = `
<Fragment>
  <div
    className="container"
  >
    <h2>
      Gif-Expert with typescript
    </h2>
    <AddCategory
      setCategories={[Function]}
    />
  </div>
  <Footer />
</Fragment>
`;
